// Jest Snapshot v1, https://goo.gl/fbAQLP

exports[`WeatherDaysForecast test renders correctly 1`] = `
<div
  className="weather_days_forecast"
>
  <div
    className="weather_day_indicator"
  >
    <span
      className="weather_day"
    >
      Thu
    </span>
    <img
      alt=""
      src="http://openweathermap.org/img/w/01d.png"
    />
    <div
      className="weather_temperatures"
    >
      <span
        className="weather_max_temperature"
      >
        29
        °
      </span>
      <span
        className="weather_min_temperature"
      >
        28
        °
      </span>
    </div>
  </div>
  <div
    className="weather_day_indicator"
  >
    <span
      className="weather_day"
    >
      Fri
    </span>
    <img
      alt=""
      src="http://openweathermap.org/img/w/01d.png"
    />
    <div
      className="weather_temperatures"
    >
      <span
        className="weather_max_temperature"
      >
        27
        °
      </span>
      <span
        className="weather_min_temperature"
      >
        27
        °
      </span>
    </div>
  </div>
  <div
    className="weather_day_indicator"
  >
    <span
      className="weather_day"
    >
      Sat
    </span>
    <img
      alt=""
      src="http://openweathermap.org/img/w/01d.png"
    />
    <div
      className="weather_temperatures"
    >
      <span
        className="weather_max_temperature"
      >
        27
        °
      </span>
      <span
        className="weather_min_temperature"
      >
        27
        °
      </span>
    </div>
  </div>
  <div
    className="weather_day_indicator"
  >
    <span
      className="weather_day"
    >
      Sun
    </span>
    <img
      alt=""
      src="http://openweathermap.org/img/w/02d.png"
    />
    <div
      className="weather_temperatures"
    >
      <span
        className="weather_max_temperature"
      >
        27
        °
      </span>
      <span
        className="weather_min_temperature"
      >
        27
        °
      </span>
    </div>
  </div>
  <div
    className="weather_day_indicator"
  >
    <span
      className="weather_day"
    >
      Mon
    </span>
    <img
      alt=""
      src="http://openweathermap.org/img/w/03d.png"
    />
    <div
      className="weather_temperatures"
    >
      <span
        className="weather_max_temperature"
      >
        27
        °
      </span>
      <span
        className="weather_min_temperature"
      >
        27
        °
      </span>
    </div>
  </div>
</div>
`;
